10:19:57 [INFO] __main__ — Günlük sıfırlandı | 2026-04-18 | equity=10000.00

══════════════════════════════════════════════════════════════
  PAPER TRADER — BREAKOUT_V2 / 4H
══════════════════════════════════════════════════════════════
  Zaman              : 2026-04-18 07:19 UTC
  Cash               :  10,000.00 USDT
  Equity             :  10,000.00 USDT
  Peak equity        :  10,000.00 USDT
  Drawdown           :      +0.00 USDT  (+0.00%)
  Günlük PnL         :      +0.00 USDT
  Günlük kayıp       :       0.00 USDT  (kayıp: %0.00)
  Açık alokasyon     :       0.00 USDT  (0.0% equity)
  Unrealized PnL     :      +0.00 USDT
  Günlük koruma      : —

  Aktif semboller    : BTC/USDT, ETH/USDT, SOL/USDT, NEAR/USDT
  Devre dışı         : —

  Açık pozisyon yok.

  Sembol         Trade   W   L    WR%       PnL      Durum
  -------------------------------------------------------
  BTC/USDT           0   0   0   0.0%     +0.00     active
  ETH/USDT           0   0   0   0.0%     +0.00     active
  SOL/USDT           0   0   0   0.0%     +0.00     active
  NEAR/USDT          0   0   0   0.0%     +0.00     active

  Toplam tamamlanan trade : 0
  Son 7 günde trade       : 0
  Çalışma sayısı (session): 3
  Başlangıçtan getiri     : +0.00%
══════════════════════════════════════════════════════════════


══════════════════════════════════════════════════════════════
  PAPER TRADER — BREAKOUT_V2 / 4H
══════════════════════════════════════════════════════════════
  Zaman              : 2026-04-18 09:00 UTC
  Cash               :  10,000.00 USDT
  Equity             :  10,000.00 USDT
  Peak equity        :  10,000.00 USDT
  Drawdown           :      +0.00 USDT  (+0.00%)
  Günlük PnL         :      +0.00 USDT
  Günlük kayıp       :       0.00 USDT  (kayıp: %0.00)
  Açık alokasyon     :       0.00 USDT  (0.0% equity)
  Unrealized PnL     :      +0.00 USDT
  Günlük koruma      : —

  Aktif semboller    : BTC/USDT, ETH/USDT, SOL/USDT, NEAR/USDT
  Devre dışı         : —

  Açık pozisyon yok.

  Sembol         Trade   W   L    WR%       PnL      Durum
  -------------------------------------------------------
  BTC/USDT           0   0   0   0.0%     +0.00     active
  ETH/USDT           0   0   0   0.0%     +0.00     active
  SOL/USDT           0   0   0   0.0%     +0.00     active
  NEAR/USDT          0   0   0   0.0%     +0.00     active

  Toplam tamamlanan trade : 0
  Son 7 günde trade       : 0
  Çalışma sayısı (session): 4
  Başlangıçtan getiri     : +0.00%
══════════════════════════════════════════════════════════════


══════════════════════════════════════════════════════════════
  PAPER TRADER — BREAKOUT_V2 / 4H
══════════════════════════════════════════════════════════════
  Zaman              : 2026-04-18 17:00 UTC
  Cash               :  10,000.00 USDT
  Equity             :  10,000.00 USDT
  Peak equity        :  10,000.00 USDT
  Drawdown           :      +0.00 USDT  (+0.00%)
  Günlük PnL         :      +0.00 USDT
  Günlük kayıp       :       0.00 USDT  (kayıp: %0.00)
  Açık alokasyon     :       0.00 USDT  (0.0% equity)
  Unrealized PnL     :      +0.00 USDT
  Günlük koruma      : —

  Aktif semboller    : BTC/USDT, ETH/USDT, SOL/USDT, NEAR/USDT
  Devre dışı         : —

  Açık pozisyon yok.

  Sembol         Trade   W   L    WR%       PnL      Durum
  -------------------------------------------------------
  BTC/USDT           0   0   0   0.0%     +0.00     active
  ETH/USDT           0   0   0   0.0%     +0.00     active
  SOL/USDT           0   0   0   0.0%     +0.00     active
  NEAR/USDT          0   0   0   0.0%     +0.00     active

  Toplam tamamlanan trade : 0
  Son 7 günde trade       : 0
  Çalışma sayısı (session): 5
  Başlangıçtan getiri     : +0.00%
══════════════════════════════════════════════════════════════

00:00:09 [INFO] __main__ — Günlük sıfırlandı | 2026-04-19 | equity=10000.00

══════════════════════════════════════════════════════════════
  PAPER TRADER — BREAKOUT_V2 / 4H
══════════════════════════════════════════════════════════════
  Zaman              : 2026-04-19 21:00 UTC
  Cash               :  10,000.00 USDT
  Equity             :  10,000.00 USDT
  Peak equity        :  10,000.00 USDT
  Drawdown           :      +0.00 USDT  (+0.00%)
  Günlük PnL         :      +0.00 USDT
  Günlük kayıp       :       0.00 USDT  (kayıp: %0.00)
  Açık alokasyon     :       0.00 USDT  (0.0% equity)
  Unrealized PnL     :      +0.00 USDT
  Günlük koruma      : —

  Aktif semboller    : BTC/USDT, ETH/USDT, SOL/USDT, NEAR/USDT
  Devre dışı         : —

  Açık pozisyon yok.

  Sembol         Trade   W   L    WR%       PnL      Durum
  -------------------------------------------------------
  BTC/USDT           0   0   0   0.0%     +0.00     active
  ETH/USDT           0   0   0   0.0%     +0.00     active
  SOL/USDT           0   0   0   0.0%     +0.00     active
  NEAR/USDT          0   0   0   0.0%     +0.00     active

  Toplam tamamlanan trade : 0
  Son 7 günde trade       : 0
  Çalışma sayısı (session): 6
  Başlangıçtan getiri     : +0.00%
══════════════════════════════════════════════════════════════

04:00:09 [INFO] __main__ — Günlük sıfırlandı | 2026-04-20 | equity=10000.00

══════════════════════════════════════════════════════════════
  PAPER TRADER — BREAKOUT_V2 / 4H
══════════════════════════════════════════════════════════════
  Zaman              : 2026-04-20 01:00 UTC
  Cash               :  10,000.00 USDT
  Equity             :  10,000.00 USDT
  Peak equity        :  10,000.00 USDT
  Drawdown           :      +0.00 USDT  (+0.00%)
  Günlük PnL         :      +0.00 USDT
  Günlük kayıp       :       0.00 USDT  (kayıp: %0.00)
  Açık alokasyon     :       0.00 USDT  (0.0% equity)
  Unrealized PnL     :      +0.00 USDT
  Günlük koruma      : —

  Aktif semboller    : BTC/USDT, ETH/USDT, SOL/USDT, NEAR/USDT
  Devre dışı         : —

  Açık pozisyon yok.

  Sembol         Trade   W   L    WR%       PnL      Durum
  -------------------------------------------------------
  BTC/USDT           0   0   0   0.0%     +0.00     active
  ETH/USDT           0   0   0   0.0%     +0.00     active
  SOL/USDT           0   0   0   0.0%     +0.00     active
  NEAR/USDT          0   0   0   0.0%     +0.00     active

  Toplam tamamlanan trade : 0
  Son 7 günde trade       : 0
  Çalışma sayısı (session): 7
  Başlangıçtan getiri     : +0.00%
══════════════════════════════════════════════════════════════


══════════════════════════════════════════════════════════════
  PAPER TRADER — BREAKOUT_V2 / 4H
══════════════════════════════════════════════════════════════
  Zaman              : 2026-04-20 05:00 UTC
  Cash               :  10,000.00 USDT
  Equity             :  10,000.00 USDT
  Peak equity        :  10,000.00 USDT
  Drawdown           :      +0.00 USDT  (+0.00%)
  Günlük PnL         :      +0.00 USDT
  Günlük kayıp       :       0.00 USDT  (kayıp: %0.00)
  Açık alokasyon     :       0.00 USDT  (0.0% equity)
  Unrealized PnL     :      +0.00 USDT
  Günlük koruma      : —

  Aktif semboller    : BTC/USDT, ETH/USDT, SOL/USDT, NEAR/USDT
  Devre dışı         : —

  Açık pozisyon yok.

  Sembol         Trade   W   L    WR%       PnL      Durum
  -------------------------------------------------------
  BTC/USDT           0   0   0   0.0%     +0.00     active
  ETH/USDT           0   0   0   0.0%     +0.00     active
  SOL/USDT           0   0   0   0.0%     +0.00     active
  NEAR/USDT          0   0   0   0.0%     +0.00     active

  Toplam tamamlanan trade : 0
  Son 7 günde trade       : 0
  Çalışma sayısı (session): 8
  Başlangıçtan getiri     : +0.00%
══════════════════════════════════════════════════════════════


══════════════════════════════════════════════════════════════
  PAPER TRADER — BREAKOUT_V2 / 4H
══════════════════════════════════════════════════════════════
  Zaman              : 2026-04-20 09:00 UTC
  Cash               :  10,000.00 USDT
  Equity             :  10,000.00 USDT
  Peak equity        :  10,000.00 USDT
  Drawdown           :      +0.00 USDT  (+0.00%)
  Günlük PnL         :      +0.00 USDT
  Günlük kayıp       :       0.00 USDT  (kayıp: %0.00)
  Açık alokasyon     :       0.00 USDT  (0.0% equity)
  Unrealized PnL     :      +0.00 USDT
  Günlük koruma      : —

  Aktif semboller    : BTC/USDT, ETH/USDT, SOL/USDT, NEAR/USDT
  Devre dışı         : —

  Açık pozisyon yok.

  Sembol         Trade   W   L    WR%       PnL      Durum
  -------------------------------------------------------
  BTC/USDT           0   0   0   0.0%     +0.00     active
  ETH/USDT           0   0   0   0.0%     +0.00     active
  SOL/USDT           0   0   0   0.0%     +0.00     active
  NEAR/USDT          0   0   0   0.0%     +0.00     active

  Toplam tamamlanan trade : 0
  Son 7 günde trade       : 0
  Çalışma sayısı (session): 9
  Başlangıçtan getiri     : +0.00%
══════════════════════════════════════════════════════════════


══════════════════════════════════════════════════════════════
  PAPER TRADER — BREAKOUT_V2 / 4H
══════════════════════════════════════════════════════════════
  Zaman              : 2026-04-20 13:00 UTC
  Cash               :  10,000.00 USDT
  Equity             :  10,000.00 USDT
  Peak equity        :  10,000.00 USDT
  Drawdown           :      +0.00 USDT  (+0.00%)
  Günlük PnL         :      +0.00 USDT
  Günlük kayıp       :       0.00 USDT  (kayıp: %0.00)
  Açık alokasyon     :       0.00 USDT  (0.0% equity)
  Unrealized PnL     :      +0.00 USDT
  Günlük koruma      : —

  Aktif semboller    : BTC/USDT, ETH/USDT, SOL/USDT, NEAR/USDT
  Devre dışı         : —

  Açık pozisyon yok.

  Sembol         Trade   W   L    WR%       PnL      Durum
  -------------------------------------------------------
  BTC/USDT           0   0   0   0.0%     +0.00     active
  ETH/USDT           0   0   0   0.0%     +0.00     active
  SOL/USDT           0   0   0   0.0%     +0.00     active
  NEAR/USDT          0   0   0   0.0%     +0.00     active

  Toplam tamamlanan trade : 0
  Son 7 günde trade       : 0
  Çalışma sayısı (session): 10
  Başlangıçtan getiri     : +0.00%
══════════════════════════════════════════════════════════════


══════════════════════════════════════════════════════════════
  PAPER TRADER — BREAKOUT_V2 / 4H
══════════════════════════════════════════════════════════════
  Zaman              : 2026-04-20 17:00 UTC
  Cash               :  10,000.00 USDT
  Equity             :  10,000.00 USDT
  Peak equity        :  10,000.00 USDT
  Drawdown           :      +0.00 USDT  (+0.00%)
  Günlük PnL         :      +0.00 USDT
  Günlük kayıp       :       0.00 USDT  (kayıp: %0.00)
  Açık alokasyon     :       0.00 USDT  (0.0% equity)
  Unrealized PnL     :      +0.00 USDT
  Günlük koruma      : —

  Aktif semboller    : BTC/USDT, ETH/USDT, SOL/USDT, NEAR/USDT
  Devre dışı         : —

  Açık pozisyon yok.

  Sembol         Trade   W   L    WR%       PnL      Durum
  -------------------------------------------------------
  BTC/USDT           0   0   0   0.0%     +0.00     active
  ETH/USDT           0   0   0   0.0%     +0.00     active
  SOL/USDT           0   0   0   0.0%     +0.00     active
  NEAR/USDT          0   0   0   0.0%     +0.00     active

  Toplam tamamlanan trade : 0
  Son 7 günde trade       : 0
  Çalışma sayısı (session): 11
  Başlangıçtan getiri     : +0.00%
══════════════════════════════════════════════════════════════


══════════════════════════════════════════════════════════════
  PAPER TRADER — BREAKOUT_V2 / 4H
══════════════════════════════════════════════════════════════
  Zaman              : 2026-04-20 21:00 UTC
  Cash               :  10,000.00 USDT
  Equity             :  10,000.00 USDT
  Peak equity        :  10,000.00 USDT
  Drawdown           :      +0.00 USDT  (+0.00%)
  Günlük PnL         :      +0.00 USDT
  Günlük kayıp       :       0.00 USDT  (kayıp: %0.00)
  Açık alokasyon     :       0.00 USDT  (0.0% equity)
  Unrealized PnL     :      +0.00 USDT
  Günlük koruma      : —

  Aktif semboller    : BTC/USDT, ETH/USDT, SOL/USDT, NEAR/USDT
  Devre dışı         : —

  Açık pozisyon yok.

  Sembol         Trade   W   L    WR%       PnL      Durum
  -------------------------------------------------------
  BTC/USDT           0   0   0   0.0%     +0.00     active
  ETH/USDT           0   0   0   0.0%     +0.00     active
  SOL/USDT           0   0   0   0.0%     +0.00     active
  NEAR/USDT          0   0   0   0.0%     +0.00     active

  Toplam tamamlanan trade : 0
  Son 7 günde trade       : 0
  Çalışma sayısı (session): 12
  Başlangıçtan getiri     : +0.00%
══════════════════════════════════════════════════════════════

04:00:09 [INFO] __main__ — Günlük sıfırlandı | 2026-04-21 | equity=10000.00

══════════════════════════════════════════════════════════════
  PAPER TRADER — BREAKOUT_V2 / 4H
══════════════════════════════════════════════════════════════
  Zaman              : 2026-04-21 01:00 UTC
  Cash               :  10,000.00 USDT
  Equity             :  10,000.00 USDT
  Peak equity        :  10,000.00 USDT
  Drawdown           :      +0.00 USDT  (+0.00%)
  Günlük PnL         :      +0.00 USDT
  Günlük kayıp       :       0.00 USDT  (kayıp: %0.00)
  Açık alokasyon     :       0.00 USDT  (0.0% equity)
  Unrealized PnL     :      +0.00 USDT
  Günlük koruma      : —

  Aktif semboller    : BTC/USDT, ETH/USDT, SOL/USDT, NEAR/USDT
  Devre dışı         : —

  Açık pozisyon yok.

  Sembol         Trade   W   L    WR%       PnL      Durum
  -------------------------------------------------------
  BTC/USDT           0   0   0   0.0%     +0.00     active
  ETH/USDT           0   0   0   0.0%     +0.00     active
  SOL/USDT           0   0   0   0.0%     +0.00     active
  NEAR/USDT          0   0   0   0.0%     +0.00     active

  Toplam tamamlanan trade : 0
  Son 7 günde trade       : 0
  Çalışma sayısı (session): 13
  Başlangıçtan getiri     : +0.00%
══════════════════════════════════════════════════════════════


══════════════════════════════════════════════════════════════
  PAPER TRADER — BREAKOUT_V2 / 4H
══════════════════════════════════════════════════════════════
  Zaman              : 2026-04-21 05:00 UTC
  Cash               :  10,000.00 USDT
  Equity             :  10,000.00 USDT
  Peak equity        :  10,000.00 USDT
  Drawdown           :      +0.00 USDT  (+0.00%)
  Günlük PnL         :      +0.00 USDT
  Günlük kayıp       :       0.00 USDT  (kayıp: %0.00)
  Açık alokasyon     :       0.00 USDT  (0.0% equity)
  Unrealized PnL     :      +0.00 USDT
  Günlük koruma      : —

  Aktif semboller    : BTC/USDT, ETH/USDT, SOL/USDT, NEAR/USDT
  Devre dışı         : —

  Açık pozisyon yok.

  Sembol         Trade   W   L    WR%       PnL      Durum
  -------------------------------------------------------
  BTC/USDT           0   0   0   0.0%     +0.00     active
  ETH/USDT           0   0   0   0.0%     +0.00     active
  SOL/USDT           0   0   0   0.0%     +0.00     active
  NEAR/USDT          0   0   0   0.0%     +0.00     active

  Toplam tamamlanan trade : 0
  Son 7 günde trade       : 0
  Çalışma sayısı (session): 14
  Başlangıçtan getiri     : +0.00%
══════════════════════════════════════════════════════════════


══════════════════════════════════════════════════════════════
  PAPER TRADER — BREAKOUT_V2 / 4H
══════════════════════════════════════════════════════════════
  Zaman              : 2026-04-21 09:00 UTC
  Cash               :  10,000.00 USDT
  Equity             :  10,000.00 USDT
  Peak equity        :  10,000.00 USDT
  Drawdown           :      +0.00 USDT  (+0.00%)
  Günlük PnL         :      +0.00 USDT
  Günlük kayıp       :       0.00 USDT  (kayıp: %0.00)
  Açık alokasyon     :       0.00 USDT  (0.0% equity)
  Unrealized PnL     :      +0.00 USDT
  Günlük koruma      : —

  Aktif semboller    : BTC/USDT, ETH/USDT, SOL/USDT, NEAR/USDT
  Devre dışı         : —

  Açık pozisyon yok.

  Sembol         Trade   W   L    WR%       PnL      Durum
  -------------------------------------------------------
  BTC/USDT           0   0   0   0.0%     +0.00     active
  ETH/USDT           0   0   0   0.0%     +0.00     active
  SOL/USDT           0   0   0   0.0%     +0.00     active
  NEAR/USDT          0   0   0   0.0%     +0.00     active

  Toplam tamamlanan trade : 0
  Son 7 günde trade       : 0
  Çalışma sayısı (session): 15
  Başlangıçtan getiri     : +0.00%
══════════════════════════════════════════════════════════════


══════════════════════════════════════════════════════════════
  PAPER TRADER — BREAKOUT_V2 / 4H
══════════════════════════════════════════════════════════════
  Zaman              : 2026-04-21 13:00 UTC
  Cash               :  10,000.00 USDT
  Equity             :  10,000.00 USDT
  Peak equity        :  10,000.00 USDT
  Drawdown           :      +0.00 USDT  (+0.00%)
  Günlük PnL         :      +0.00 USDT
  Günlük kayıp       :       0.00 USDT  (kayıp: %0.00)
  Açık alokasyon     :       0.00 USDT  (0.0% equity)
  Unrealized PnL     :      +0.00 USDT
  Günlük koruma      : —

  Aktif semboller    : BTC/USDT, ETH/USDT, SOL/USDT, NEAR/USDT
  Devre dışı         : —

  Açık pozisyon yok.

  Sembol         Trade   W   L    WR%       PnL      Durum
  -------------------------------------------------------
  BTC/USDT           0   0   0   0.0%     +0.00     active
  ETH/USDT           0   0   0   0.0%     +0.00     active
  SOL/USDT           0   0   0   0.0%     +0.00     active
  NEAR/USDT          0   0   0   0.0%     +0.00     active

  Toplam tamamlanan trade : 0
  Son 7 günde trade       : 0
  Çalışma sayısı (session): 16
  Başlangıçtan getiri     : +0.00%
══════════════════════════════════════════════════════════════


══════════════════════════════════════════════════════════════
  PAPER TRADER — BREAKOUT_V2 / 4H
══════════════════════════════════════════════════════════════
  Zaman              : 2026-04-21 17:00 UTC
  Cash               :  10,000.00 USDT
  Equity             :  10,000.00 USDT
  Peak equity        :  10,000.00 USDT
  Drawdown           :      +0.00 USDT  (+0.00%)
  Günlük PnL         :      +0.00 USDT
  Günlük kayıp       :       0.00 USDT  (kayıp: %0.00)
  Açık alokasyon     :       0.00 USDT  (0.0% equity)
  Unrealized PnL     :      +0.00 USDT
  Günlük koruma      : —

  Aktif semboller    : BTC/USDT, ETH/USDT, SOL/USDT, NEAR/USDT
  Devre dışı         : —

  Açık pozisyon yok.

  Sembol         Trade   W   L    WR%       PnL      Durum
  -------------------------------------------------------
  BTC/USDT           0   0   0   0.0%     +0.00     active
  ETH/USDT           0   0   0   0.0%     +0.00     active
  SOL/USDT           0   0   0   0.0%     +0.00     active
  NEAR/USDT          0   0   0   0.0%     +0.00     active

  Toplam tamamlanan trade : 0
  Son 7 günde trade       : 0
  Çalışma sayısı (session): 17
  Başlangıçtan getiri     : +0.00%
══════════════════════════════════════════════════════════════


══════════════════════════════════════════════════════════════
  PAPER TRADER — BREAKOUT_V2 / 4H
══════════════════════════════════════════════════════════════
  Zaman              : 2026-04-21 21:00 UTC
  Cash               :  10,000.00 USDT
  Equity             :  10,000.00 USDT
  Peak equity        :  10,000.00 USDT
  Drawdown           :      +0.00 USDT  (+0.00%)
  Günlük PnL         :      +0.00 USDT
  Günlük kayıp       :       0.00 USDT  (kayıp: %0.00)
  Açık alokasyon     :       0.00 USDT  (0.0% equity)
  Unrealized PnL     :      +0.00 USDT
  Günlük koruma      : —

  Aktif semboller    : BTC/USDT, ETH/USDT, SOL/USDT, NEAR/USDT
  Devre dışı         : —

  Açık pozisyon yok.

  Sembol         Trade   W   L    WR%       PnL      Durum
  -------------------------------------------------------
  BTC/USDT           0   0   0   0.0%     +0.00     active
  ETH/USDT           0   0   0   0.0%     +0.00     active
  SOL/USDT           0   0   0   0.0%     +0.00     active
  NEAR/USDT          0   0   0   0.0%     +0.00     active

  Toplam tamamlanan trade : 0
  Son 7 günde trade       : 0
  Çalışma sayısı (session): 18
  Başlangıçtan getiri     : +0.00%
══════════════════════════════════════════════════════════════

04:00:09 [INFO] __main__ — Günlük sıfırlandı | 2026-04-22 | equity=10000.00

══════════════════════════════════════════════════════════════
  PAPER TRADER — BREAKOUT_V2 / 4H
══════════════════════════════════════════════════════════════
  Zaman              : 2026-04-22 01:00 UTC
  Cash               :  10,000.00 USDT
  Equity             :  10,000.00 USDT
  Peak equity        :  10,000.00 USDT
  Drawdown           :      +0.00 USDT  (+0.00%)
  Günlük PnL         :      +0.00 USDT
  Günlük kayıp       :       0.00 USDT  (kayıp: %0.00)
  Açık alokasyon     :       0.00 USDT  (0.0% equity)
  Unrealized PnL     :      +0.00 USDT
  Günlük koruma      : —

  Aktif semboller    : BTC/USDT, ETH/USDT, SOL/USDT, NEAR/USDT
  Devre dışı         : —

  Açık pozisyon yok.

  Sembol         Trade   W   L    WR%       PnL      Durum
  -------------------------------------------------------
  BTC/USDT           0   0   0   0.0%     +0.00     active
  ETH/USDT           0   0   0   0.0%     +0.00     active
  SOL/USDT           0   0   0   0.0%     +0.00     active
  NEAR/USDT          0   0   0   0.0%     +0.00     active

  Toplam tamamlanan trade : 0
  Son 7 günde trade       : 0
  Çalışma sayısı (session): 19
  Başlangıçtan getiri     : +0.00%
══════════════════════════════════════════════════════════════


══════════════════════════════════════════════════════════════
  PAPER TRADER — BREAKOUT_V2 / 4H
══════════════════════════════════════════════════════════════
  Zaman              : 2026-04-22 09:00 UTC
  Cash               :  10,000.00 USDT
  Equity             :  10,000.00 USDT
  Peak equity        :  10,000.00 USDT
  Drawdown           :      +0.00 USDT  (+0.00%)
  Günlük PnL         :      +0.00 USDT
  Günlük kayıp       :       0.00 USDT  (kayıp: %0.00)
  Açık alokasyon     :       0.00 USDT  (0.0% equity)
  Unrealized PnL     :      +0.00 USDT
  Günlük koruma      : —

  Aktif semboller    : BTC/USDT, ETH/USDT, SOL/USDT, NEAR/USDT
  Devre dışı         : —

  Açık pozisyon yok.

  Sembol         Trade   W   L    WR%       PnL      Durum
  -------------------------------------------------------
  BTC/USDT           0   0   0   0.0%     +0.00     active
  ETH/USDT           0   0   0   0.0%     +0.00     active
  SOL/USDT           0   0   0   0.0%     +0.00     active
  NEAR/USDT          0   0   0   0.0%     +0.00     active

  Toplam tamamlanan trade : 0
  Son 7 günde trade       : 0
  Çalışma sayısı (session): 20
  Başlangıçtan getiri     : +0.00%
══════════════════════════════════════════════════════════════


══════════════════════════════════════════════════════════════
  PAPER TRADER — BREAKOUT_V2 / 4H
══════════════════════════════════════════════════════════════
  Zaman              : 2026-04-22 13:00 UTC
  Cash               :  10,000.00 USDT
  Equity             :  10,000.00 USDT
  Peak equity        :  10,000.00 USDT
  Drawdown           :      +0.00 USDT  (+0.00%)
  Günlük PnL         :      +0.00 USDT
  Günlük kayıp       :       0.00 USDT  (kayıp: %0.00)
  Açık alokasyon     :       0.00 USDT  (0.0% equity)
  Unrealized PnL     :      +0.00 USDT
  Günlük koruma      : —

  Aktif semboller    : BTC/USDT, ETH/USDT, SOL/USDT, NEAR/USDT
  Devre dışı         : —

  Açık pozisyon yok.

  Sembol         Trade   W   L    WR%       PnL      Durum
  -------------------------------------------------------
  BTC/USDT           0   0   0   0.0%     +0.00     active
  ETH/USDT           0   0   0   0.0%     +0.00     active
  SOL/USDT           0   0   0   0.0%     +0.00     active
  NEAR/USDT          0   0   0   0.0%     +0.00     active

  Toplam tamamlanan trade : 0
  Son 7 günde trade       : 0
  Çalışma sayısı (session): 21
  Başlangıçtan getiri     : +0.00%
══════════════════════════════════════════════════════════════

